<?xml version="1.0" encoding="utf-8"?>
<!-- Generated by Docutils 0.8 -->
<document source="input/generator.rst =&gt; input/generator.rst">
    <decoration classes="change-added">
        <footer>
            <paragraph>
                Generated by 
                <reference refuri="http://docutils.sourceforge.net/">
                    Docutils
                </reference>
                 from 
                <reference refuri="http://docutils.sourceforge.net/rst.html">
                    reStructuredText
                </reference>
                 source.

            </paragraph>
        </footer>
    </decoration>
    <paragraph>
        foo
    </paragraph>
</document>
