<?xml version="1.0" encoding="utf-8"?>
<!-- Generated by Docutils 0.8 -->
<document source="input/strip.rst =&gt; input/strip.rst">
    <paragraph classes="new change-replaced">
        not in new
    </paragraph>
    <paragraph classes="old change-replacement">
        NOT IN OLD
    </paragraph>
    <comment classes="change-added" xml:space="preserve">
        Some comment
    </comment>
</document>
