\begin{verse}
alternative \\
\vin intends \\
indent \\
\vin altering \\
since \\
\end{verse}
