<?xml version="1.0" encoding="utf-8"?>
<!DOCTYPE document PUBLIC "+//IDN docutils.sourceforge.net//DTD Docutils Generic//EN//XML" "http://docutils.sourceforge.net/docs/ref/docutils.dtd">
<document source="input/twoParas.odt"><paragraph>First paragraph.</paragraph><paragraph>Second paragraph.</paragraph></document>
