<?xml version="1.0" encoding="utf-8"?>
<!DOCTYPE document PUBLIC "+//IDN docutils.sourceforge.net//DTD Docutils Generic//EN//XML" "http://docutils.sourceforge.net/docs/ref/docutils.dtd">
<document source="input/wrongNestedHeader.odt"><section><title>Level 1</title><paragraph>Content of level 1.</paragraph></section><section><title>Level 2</title><paragraph>Content of level 2.</paragraph></section></document>
