<!DOCTYPE html>
<html xmlns="http://www.w3.org/1999/xhtml" xml:lang="en" lang="en">
<head>
<meta charset="utf-8"/>
<meta name="generator" content="Docutils 0.16b.dev: http://docutils.sourceforge.net/" />
<title>Test footnote and citation rendering</title>
<link rel="stylesheet" href="../input/data/minimal.css" type="text/css" />
<link rel="stylesheet" href="../input/data/plain.css" type="text/css" />
</head>
<body>
<div class="document" id="test-footnote-and-citation-rendering">
<h1 class="title">Test footnote and citation rendering</h1>

<p>Paragraphs may contain footnote references (manually numbered<a class="footnote-reference superscript" href="#footnote-1" id="footnote-reference-1">1</a>, anonymous auto-numbered<a class="footnote-reference superscript" href="#footnote-2" id="footnote-reference-2">3</a>, labeled auto-numbered<a class="footnote-reference superscript" href="#label" id="footnote-reference-3">2</a>, or
symbolic<a class="footnote-reference superscript" href="#footnote-3" id="footnote-reference-4">*</a>) or citation references (<a class="citation-reference" href="#cit2002" id="citation-reference-1">[CIT2002]</a>, <a class="citation-reference" href="#du2015" id="citation-reference-2">[DU2015]</a>).</p>
<dl class="footnote superscript">
<dt class="label" id="footnote-1"><span class="superscript">1</span><span class="fn-backref">(<a href="#footnote-reference-1">1</a>,<a href="#footnote-reference-5">2</a>)</span></dt>
<dd><p>A footnote contains body elements, consistently indented by at
least 3 spaces.</p>
<p>This is the footnote's second paragraph.</p>
</dd>
<dt class="label" id="label"><span class="superscript">2</span><span class="fn-backref">(<a href="#footnote-reference-3">1</a>,<a href="#footnote-reference-6">2</a>)</span></dt>
<dd><p>Footnotes may be numbered, either manually (as in<a class="footnote-reference superscript" href="#footnote-1" id="footnote-reference-5">1</a>) or
automatically using a &quot;#&quot;-prefixed label.  This footnote has a
label so it can be referred to from multiple places, both as a
footnote reference (<a class="footnote-reference superscript" href="#label" id="footnote-reference-6">2</a>) and as a <a class="reference internal" href="#label">hyperlink reference</a>.</p>
</dd>
<dt class="label" id="footnote-2"><span class="superscript"><a class="fn-backref" href="#footnote-reference-2">3</a></span></dt>
<dd><p>This footnote is numbered automatically and anonymously using a
label of &quot;#&quot; only.</p>
<p>This is the second paragraph.</p>
<p>And this is the third paragraph.</p>
</dd>
<dt class="label" id="footnote-3"><span class="superscript"><a class="fn-backref" href="#footnote-reference-4">*</a></span></dt>
<dd><p>Footnotes may also use symbols, specified with a &quot;*&quot; label.
Here's a reference to the next footnote:<a class="footnote-reference superscript" href="#footnote-4" id="footnote-reference-7">†</a>.</p>
</dd>
<dt class="label" id="footnote-4"><span class="superscript"><a class="fn-backref" href="#footnote-reference-7">†</a></span></dt>
<dd><p>This footnote shows the next symbol in the sequence.</p>
</dd>
<dt class="label" id="footnote-5"><span class="superscript">4</span></dt>
<dd><p>Here's an unreferenced footnote, with a reference to a
nonexistent footnote:<a class="footnote-reference superscript" href="#footnote-6" id="footnote-reference-8">5</a>.</p>
</dd>
</dl>
<div class="section" id="citations">
<h1>Citations</h1>
<dl class="citation">
<dt class="label" id="cit2002"><span class="brackets">CIT2002</span><span class="fn-backref">(<a href="#citation-reference-1">1</a>,<a href="#citation-reference-3">2</a>)</span></dt>
<dd><p>Citations are text-labeled footnotes. They may be
rendered separately and differently from footnotes.</p>
</dd>
<dt class="label" id="du2015"><span class="brackets"><a class="fn-backref" href="#citation-reference-2">DU2015</a></span></dt>
<dd><p><cite>Example document</cite>, Hometown: 2015.</p>
</dd>
</dl>
<p>Here's a reference to the above, <a class="citation-reference" href="#cit2002" id="citation-reference-3">[CIT2002]</a>.</p>
<dl class="footnote superscript">
<dt class="label" id="footnote-6"><span class="superscript"><a class="fn-backref" href="#footnote-reference-8">5</a></span></dt>
<dd><p>this footnote is missing in the standard example document.</p>
</dd>
</dl>
</div>
</div>
</body>
</html>
