% generated by Docutils <http://docutils.sourceforge.net/>
\documentclass[a4paper,english]{article}
\usepackage{babel}
%\usepackage[OT1]{fontenc}
\usepackage[latin1]{inputenc}
\usepackage{ifthen}
\usepackage{fixltx2e} % fix LaTeX2e shortcomings

%%% User specified packages and stylesheets
\usepackage{../../data/spam}
\input{../../data/ham.tex}

%%% Fallback definitions for Docutils-specific commands

% hyperref package (PDF hyperlinks):
\ifthenelse{\isundefined{\hypersetup}}{
  \usepackage[colorlinks=true,linkcolor=blue,urlcolor=blue]{hyperref}
}{}

%%% Body
\begin{document}

simple input

\end{document}
