% generated by Docutils <http://docutils.sourceforge.net/>
\documentclass[a4paper,english]{article}
\usepackage{babel}
%\usepackage[OT1]{fontenc}
\usepackage[latin1]{inputenc}
\usepackage{ifthen}
\usepackage{fixltx2e} % fix LaTeX2e shortcomings

%%% User specified packages and stylesheets
\makeatletter
% embedded stylesheet: data/spam.sty
\ProvidesPackage{spam}
[2008/12/09 v0.2 simple silly test package]
\newcommand{\spam}{\@percentchar\ wonderfull spam}

\makeatother
% embedded stylesheet: data/ham.tex
\newcommand{\ham}{wonderful ham}


%%% Fallback definitions for Docutils-specific commands
% hyperref (PDF hyperlinks):
\ifthenelse{\isundefined{\hypersetup}}{
  \usepackage[colorlinks=true,linkcolor=blue,urlcolor=blue]{hyperref}
}{}

%%% Body
\begin{document}

simple input

\end{document}
