<?xml version="1.0" encoding="utf-8" ?>
<!DOCTYPE html PUBLIC "-//W3C//DTD XHTML 1.0 Transitional//EN" "http://www.w3.org/TR/xhtml1/DTD/xhtml1-transitional.dtd">
<html xmlns="http://www.w3.org/1999/xhtml" xml:lang="en" lang="en">
<head>
<meta http-equiv="Content-Type" content="text/html; charset=utf-8" />
<meta name="generator" content="Docutils 0.8: http://docutils.sourceforge.net/" />
<title></title>
<link rel="stylesheet" href="../../ham.css" type="text/css" />
<link rel="stylesheet" href="../../path/to/spam.css" type="text/css" />
</head>
<body>
<div class="document">


<p>simple input</p>
</div>
</body>
</html>
