<?xml version="1.0" encoding="utf-8"?>
<!-- Generated by Docutils 0.6 -->
<document source="source/section.rst">
    <section ids="first-section" names="first\ section">
        <title>
            First section
        </title>
        <paragraph>
            This is text in the first section.
        </paragraph>
    </section>
    <section classes="change-added" ids="second-section" names="second\ section">
        <title>
            Second section
        </title>
        <paragraph>
            This was missing.
        </paragraph>
    </section>
    <section ids="third-section" names="third\ section">
        <title>
            Third section
        </title>
        <paragraph>
            Text in third section.
        </paragraph>
    </section>
    <section classes="change-deleted" ids="obsolete-section" names="obsolete\ section">
        <title>
            Obsolete section
        </title>
        <paragraph>
            Obsolete text.
        </paragraph>
    </section>
    <section ids="fourth-section" names="fourth\ section">
        <title>
            Fourth section
        </title>
        <paragraph>
            Number 4!
        </paragraph>
    </section>
    <section classes="change-replaced" ids="replacable-section" names="replacable\ section">
        <title>
            Replacable section
        </title>
        <paragraph>
            Replacable text.
        </paragraph>
    </section>
    <section classes="change-replacement" ids="section-replacement" names="section\ replacement">
        <title>
            Section replacement
        </title>
        <paragraph>
            Text replacement.
        </paragraph>
    </section>
</document>
