<?xml version="1.0" encoding="utf-8"?>
<!-- Generated by Docutils 0.6 -->
<document source="input/textOnly.old.rst =&gt; input/textOnly.new.rst">
    <paragraph classes="change-added">
        An important addition.
    </paragraph>
    <paragraph>
        This is some text distributed in a couple of lines. Let's count to

        <inline classes="change-replaced">
            make things longer:
        </inline>
         
        <inline classes="change-replacement">
            fill three lines:
        </inline>
         one two three four five six seven eight nine ten
eleven twelve.
    </paragraph>
    <paragraph classes="change-deleted">
        Some obsolete add-on.
    </paragraph>
</document>
