<?xml version="1.0" encoding="utf-8"?>
<!DOCTYPE document PUBLIC "+//IDN docutils.sourceforge.net//DTD Docutils Generic//EN//XML" "http://docutils.sourceforge.net/docs/ref/docutils.dtd">
<document source="input/italicAutomatic.odt"><paragraph>One <emphasis>italic</emphasis> word.</paragraph></document>
