<?xml version="1.0" encoding="utf-8"?>
<!DOCTYPE document PUBLIC "+//IDN docutils.sourceforge.net//DTD Docutils Generic//EN//XML" "http://docutils.sourceforge.net/docs/ref/docutils.dtd">
<document source="input/wrongNesting.odp"><section><title>Wrong nesting</title><bullet_list bullet="*"><list_item><paragraph>Level 1</paragraph></list_item></bullet_list><bullet_list bullet="*"><list_item><bullet_list bullet="*"><list_item><paragraph>Level 2 but not nested</paragraph></list_item><list_item><paragraph>But started over</paragraph></list_item><list_item><paragraph>This comes from Powerpoint :-(</paragraph></list_item></bullet_list></list_item></bullet_list></section></document>
