<?xml version="1.0" encoding="utf-8" ?>
<!DOCTYPE html PUBLIC "-//W3C//DTD XHTML 1.0 Transitional//EN" "http://www.w3.org/TR/xhtml1/DTD/xhtml1-transitional.dtd">
<html xmlns="http://www.w3.org/1999/xhtml" xml:lang="en" lang="en">
<!--
This HTML is auto-generated.  DO NOT EDIT THIS FILE!  If you are writing a new
PEP, see http://www.python.org/peps/pep-0001.html for instructions and links
to templates.  DO NOT USE THIS HTML FILE AS YOUR TEMPLATE!
-->
<head>
  <meta http-equiv="Content-Type" content="text/html; charset=utf-8" />
  <meta name="generator" content="Docutils 0.3.8: http://docutils.sourceforge.net/" />
  <title>PEP 100 -- Test PEP</title>
  <link rel="stylesheet" href="../../../tools/stylesheets/pep.css" type="text/css" />
</head>
<body bgcolor="white">
<table class="navigation" cellpadding="0" cellspacing="0"
       width="100%" border="0">
<tr><td class="navicon" width="150" height="35">
<a href="http://www.python.org/" title="Python Home Page">
<img src="http://www.python.org/pics/PyBanner000.gif" alt="[Python]"
 border="0" width="150" height="35" /></a></td>
<td class="textlinks" align="left">
[<b><a href="http://www.python.org/">Python Home</a></b>]
[<b><a href="http://www.python.org/peps/">PEP Index</a></b>]
[<b><a href="http://www.python.org/peps/pep-0100.txt">PEP Source</a></b>]
</td></tr></table>
<table class="rfc2822 docutils field-list" frame="void" rules="none">
<col class="field-name" />
<col class="field-body" />
<tbody valign="top">
<tr class="field"><th class="field-name">PEP:</th><td class="field-body">100</td>
</tr>
<tr class="field"><th class="field-name">Title:</th><td class="field-body">Test PEP</td>
</tr>
<tr class="field"><th class="field-name">Version:</th><td class="field-body">42</td>
</tr>
<tr class="field"><th class="field-name">Last-Modified:</th><td class="field-body"><a class="reference" href="http://cvs.sourceforge.net/cgi-bin/viewcvs.cgi/python/python/nondist/peps/pep-0100.txt">A long time ago.</a></td>
</tr>
<tr class="field"><th class="field-name">Author:</th><td class="field-body">John Doe &lt;john&#32;&#97;t&#32;example.org&gt;</td>
</tr>
<tr class="field"><th class="field-name">Discussions-To:</th><td class="field-body">&lt;<a class="reference" href="mailto:devnull&#64;example.org?subject=PEP%20100">devnull&#32;&#97;t&#32;example.org</a>&gt;</td>
</tr>
<tr class="field"><th class="field-name">Status:</th><td class="field-body">Draft</td>
</tr>
<tr class="field"><th class="field-name">Type:</th><td class="field-body">Standards Track</td>
</tr>
<tr class="field"><th class="field-name">Content-Type:</th><td class="field-body"><a class="reference" href="http://www.python.org/peps/pep-0012.html">text/x-rst</a></td>
</tr>
<tr class="field"><th class="field-name">Created:</th><td class="field-body">01-Jun-2001</td>
</tr>
<tr class="field"><th class="field-name">Post-History:</th><td class="field-body">13-Jun-2001</td>
</tr>
</tbody>
</table>
<hr />
<div class="contents topic" id="contents">
<p class="topic-title first"><a name="contents">Contents</a></p>
<ul class="simple">
<li><a class="reference" href="#abstract" id="id2" name="id2">Abstract</a></li>
<li><a class="reference" href="#copyright" id="id3" name="id3">Copyright</a></li>
</ul>
</div>
<div class="section" id="abstract">
<h1><a class="toc-backref" href="#id2" name="abstract">Abstract</a></h1>
<p>Just a test.</p>
</div>
<div class="section" id="copyright">
<h1><a class="toc-backref" href="#id3" name="copyright">Copyright</a></h1>
<p>This document has been placed in the public domain.</p>
</div>

</div>
</body>
</html>

