<?xml version="1.0" encoding="utf-8"?>
<!-- Generated by Docutils 0.8 -->
<document source="input/inlineStyles.old.rst =&gt; input/inlineStyles.new.rst">
    <paragraph>
        Here is 
        <emphasis classes="change-replaced">
            some
        </emphasis>
        <strong classes="change-replacement">
            some
        </strong>
         inline markup which 
        <strong classes="change-replaced">
            ends up
        </strong>
        <emphasis classes="change-replacement">
            ends up
        </emphasis>
         in different rendering
styles.
    </paragraph>
    <paragraph>
        Inline 
        <inline classes="change-replaced">
            markup
        </inline>
        <strong classes="change-replacement">
            markup
        </strong>
         for references is not included here.
    </paragraph>
    <paragraph>
        Basically this consists of 
        <inline classes="change-replaced">
            two
        </inline>
        <literal classes="change-replacement">
            two
        </literal>
         forms of emphasis and of 
        <literal classes="change-replaced">
            literal
text
        </literal>
        <inline classes="change-replaced">
            .
        </inline>
        <inline classes="change-replacement">
            literal
text.
        </inline>
    </paragraph>
</document>
