<?xml version="1.0" encoding="utf-8"?>
<!-- Generated by Docutils 0.6 -->
<document source="source/textOnly.rst">
    <paragraph>
        This is some text distributed in a couple of lines. Let's count to

        <inline classes="change-old">
            make things longer:
        </inline>
         
        <inline classes="change-new">
            end up in three lines:
        </inline>
         one two three four five six seven eight nine ten
eleven twelve.
    </paragraph>
</document>
