<?xml version="1.0" encoding="utf-8"?>
<!-- Generated by Docutils 0.8 -->
<document source="input/textEqual.old.rst =&gt; input/textEqual.new.rst">
    <paragraph>
        An eternal line.
    </paragraph>
</document>
