\ifx\locallinewidth\undefined\newlength{\locallinewidth}\fi
\setlength{\locallinewidth}{\linewidth}


\section{Testing tables\label{-testing-tables}}
\section{\module{pydoctest} --- test table conversion}
\moduleauthor{engelbert gruber}{grubert@users.sourceforge.net}
\sectionauthor{GruBert}{grubert@users.sourceforge.net}


%___________________________________________________________________________
\hspace*{\fill}\hrulefill\hspace*{\fill}

\begin{itemize}
\item {} 
Spanning cells are not supported.

\item {} 
Two to five columns only AFAIK.

\end{itemize}
\begin{tableiii}{l|l|l}{textrm}
{
A
}
{
B
}
{
A or B
}
\lineiii{
False
}
{
False
}
{
False
}
\lineiii{
True
}
{
False
}
{
True
}
\lineiii{
False
}
{
True
}
{
True
}
\lineiii{
True
}
{
True
}
{
True
}
\end{tableiii}
\begin{tableiv}{l|l|l|l}{textrm}
{
A
}
{
B
}
{
C
}
{
D
}
\lineiv{
1
}
{
2
}
{
3
}
{
4
}
\lineiv{
1
}
{
2
}
{
3
}
{
4
}
\end{tableiv}
\begin{tablev}{l|l|l|l|l}{textrm}
{
A
}
{
B
}
{
C
}
{
D
}
{
E
}
\linev{
1
}
{
2
}
{
3
}
{
4
}
{
5
}
\linev{
1
}
{
2
}
{
3
}
{
4
}
{
5
}
\end{tablev}

