<?xml version="1.0" encoding="utf-8"?>
<!-- Generated by Docutils 0.8 -->
<document source="input/attributesNoSource.old.rst =&gt; input/attributesNoSource.new.rst">
    <paragraph>
        Some attributes must be treated special and there is no source
representation.
    </paragraph>
    <option_list>
        <option_list_item>
            <option_group>
                <option>
                    <option_string>
                        --option
                    </option_string>
                    <option_argument classes="change-replaced" delimiter="=">
                        argument
                    </option_argument>
                    <option_argument classes="change-replacement" delimiter=" ">
                        argument
                    </option_argument>
                </option>
            </option_group>
            <description>
                <paragraph>
                    This is an option with an argument, check
delimiter
                </paragraph>
            </description>
        </option_list_item>
        <option_list_item>
            <option_group>
                <option>
                    <option_string>
                        --debug
                    </option_string>
                    <option_argument delimiter="=">
                        level
                    </option_argument>
                </option>
            </option_group>
            <description>
                <paragraph>
                    This is also an option with an argument
                </paragraph>
            </description>
        </option_list_item>
    </option_list>
</document>
