<?xml version="1.0" encoding="utf-8"?>
<!-- Generated by Docutils 0.8 -->
<document source="input/table.old.rst =&gt; input/table.new.rst">
    <table>
        <tgroup cols="3">
            <colspec colwidth="33"/>
            <colspec colwidth="33"/>
            <colspec classes="change-added" colwidth="33"/>
            <tbody>
                <row>
                    <entry>
                        <paragraph>
                            Col 1
                        </paragraph>
                    </entry>
                    <entry classes="change-added">
                        <paragraph>
                            Additional column
                        </paragraph>
                    </entry>
                    <entry>
                        <paragraph>
                            Col 2
                        </paragraph>
                    </entry>
                </row>
                <row>
                    <entry>
                        <paragraph>
                            Row 2
                        </paragraph>
                    </entry>
                    <entry classes="change-added">
                        <paragraph>
                            Additional entry
                        </paragraph>
                    </entry>
                    <entry>
                        <paragraph>
                            End
                        </paragraph>
                    </entry>
                </row>
            </tbody>
        </tgroup>
    </table>
    <paragraph>
        An anchor line.
    </paragraph>
    <table>
        <tgroup cols="3">
            <colspec colwidth="33"/>
            <colspec colwidth="33"/>
            <colspec classes="change-removed" colwidth="33"/>
            <tbody>
                <row>
                    <entry>
                        <paragraph>
                            Col A
                        </paragraph>
                    </entry>
                    <entry classes="change-removed">
                        <paragraph>
                            Additional column
                        </paragraph>
                    </entry>
                    <entry>
                        <paragraph>
                            Col B
                        </paragraph>
                    </entry>
                </row>
                <row>
                    <entry>
                        <paragraph>
                            Row II
                        </paragraph>
                    </entry>
                    <entry classes="change-removed">
                        <paragraph>
                            Additional entry
                        </paragraph>
                    </entry>
                    <entry>
                        <paragraph>
                            End
                        </paragraph>
                    </entry>
                </row>
            </tbody>
        </tgroup>
    </table>
    <table>
        <tgroup cols="5">
            <colspec colwidth="20" stub="1"/>
            <colspec colwidth="20"/>
            <colspec colwidth="20"/>
            <colspec colwidth="20"/>
            <colspec classes="change-added" colwidth="20"/>
            <thead>
                <row>
                    <entry>
                        <paragraph>
                            Sch
                        </paragraph>
                    </entry>
                    <entry>
                        <paragraph>
                            X Service
                        </paragraph>
                    </entry>
                    <entry>
                        <paragraph>
                            Y Service
                        </paragraph>
                    </entry>
                    <entry>
                        <paragraph>
                            <inline classes="change-replaced">
                                B
                            </inline>
                            <inline classes="change-replacement">
                                A
                            </inline>
                             Service
                        </paragraph>
                    </entry>
                    <entry classes="change-added">
                        <paragraph>
                            C Service
                        </paragraph>
                    </entry>
                </row>
            </thead>
            <tbody>
                <row>
                    <entry>
                        <paragraph>
                            W-Service
                        </paragraph>
                    </entry>
                    <entry>
                        <paragraph>
                            +
                        </paragraph>
                    </entry>
                    <entry>
                        <paragraph>
                            ++
                        </paragraph>
                    </entry>
                    <entry classes="change-added">
                        <paragraph>
                            ++
                        </paragraph>
                    </entry>
                    <entry>
                        <paragraph>
                            -
                        </paragraph>
                    </entry>
                </row>
                <row>
                    <entry>
                        <paragraph classes="change-replaced">
                            F-Service
                        </paragraph>
                        <paragraph classes="change-replacement">
                            C Service
                        </paragraph>
                    </entry>
                    <entry classes="change-added">
                        <paragraph>
                            ++
                        </paragraph>
                    </entry>
                    <entry>
                        <paragraph>
                            ++
                        </paragraph>
                    </entry>
                    <entry>
                        <paragraph>
                            +
                        </paragraph>
                    </entry>
                    <entry>
                        <paragraph classes="change-replaced">
                            +
                        </paragraph>
                        <paragraph classes="change-replacement">
                            -
                        </paragraph>
                    </entry>
                </row>
                <row>
	  <!-- THIS IS NOT REALLY CORRECT - BUT WHAT IS? -->
                    <entry>
                        <paragraph classes="change-replaced">
                            E-Service
                        </paragraph>
                        <paragraph classes="change-replacement">
                            H Service
                        </paragraph>
                    </entry>
                    <entry classes="change-added">
                        <paragraph>
                            ++
                        </paragraph>
                    </entry>
                    <entry>
                        <paragraph>
                            ++
                        </paragraph>
                    </entry>
                    <entry>
                        <paragraph>
                            +
                        </paragraph>
                    </entry>
                    <entry>
                        <paragraph classes="change-replaced">
                            -
                        </paragraph>
                        <paragraph classes="change-replacement">
                            +
                        </paragraph>
                    </entry>
                </row>
                <row>
                    <entry>
                        <paragraph classes="change-replaced">
                            T-Service
                        </paragraph>
                        <paragraph classes="change-replacement">
                            V-Service
                        </paragraph>
                    </entry>
                    <entry classes="change-added">
                        <paragraph>
                            -
                        </paragraph>
                    </entry>
                    <entry classes="change-added">
                        <paragraph>
                            +
                        </paragraph>
                    </entry>
                    <entry>
                        <paragraph>
                            ++
                        </paragraph>
                    </entry>
                    <entry classes="change-removed">
                        <paragraph>
                            Nur Bdienste
                        </paragraph>
                    </entry>
                    <entry>
                        <paragraph>
                            -
                        </paragraph>
                    </entry>
                </row>
                <row classes="change-added">
                    <entry>
                        <paragraph>
                            T-Service
                        </paragraph>
                    </entry>
                    <entry>
                        <paragraph>
                            ++
                        </paragraph>
                    </entry>
                    <entry>
                        <paragraph>
                            +
                        </paragraph>
                    </entry>
                    <entry>
                        <paragraph>
                            Nur Bdienste
                        </paragraph>
                    </entry>
                    <entry>
                        <paragraph>
                            -
                        </paragraph>
                    </entry>
                </row>
            </tbody>
        </tgroup>
    </table>
</document>
