\begin{verse}
alternative \\
\vin intends \\
indent \\
\vin altering \\
since \\!

and some \\
\vin text with \\
\vin two lines \\
indented \\
\end{verse}
