<?xml version="1.0" encoding="utf-8"?>
<!-- Generated by Docutils 0.8 -->
<document source="input/attributes.old.rst =&gt; input/attributes.new.rst">
    <paragraph>
        Some attributes must be treated special.
    </paragraph>
    <enumerated_list classes="change-replaced" enumtype="arabic" prefix="" suffix=".">
        <list_item>
            <paragraph>
                This is for @enumtype
            </paragraph>
        </list_item>
    </enumerated_list>
    <enumerated_list classes="change-replacement" enumtype="upperalpha" prefix="" suffix=".">
        <list_item>
            <paragraph>
                This is for @enumtype
            </paragraph>
        </list_item>
    </enumerated_list>
    <bullet_list bullet="*">
        <list_item>
            <paragraph>
                @bullet is also interesting
            </paragraph>
            <bullet_list bullet="-" classes="change-replaced">
                <list_item>
                    <paragraph>
                        They represent the bullet used in the original
                    </paragraph>
                </list_item>
            </bullet_list>
            <bullet_list bullet="*" classes="change-replacement">
                <list_item>
                    <paragraph>
                        They represent the bullet used in the original
                    </paragraph>
                </list_item>
            </bullet_list>
        </list_item>
    </bullet_list>
    <enumerated_list classes="change-replaced" enumtype="upperroman" prefix="(" suffix=")">
        <list_item>
            <paragraph>
                @suffix and @prefix are also important
            </paragraph>
        </list_item>
    </enumerated_list>
    <enumerated_list classes="change-replacement" enumtype="upperroman" prefix="" suffix=".">
        <list_item>
            <paragraph>
                @suffix and @prefix are also important
            </paragraph>
        </list_item>
    </enumerated_list>
    <paragraph>
        Some anchor here.
    </paragraph>
    <enumerated_list classes="change-replaced" enumtype="loweralpha" prefix="" start="2" suffix=".">
        <list_item>
            <paragraph>
                Finally let's check @start
            </paragraph>
        </list_item>
        <list_item>
            <paragraph>
                Continue counting
            </paragraph>
        </list_item>
    </enumerated_list>
    <enumerated_list classes="change-replacement" enumtype="loweralpha" prefix="" suffix=".">
        <list_item>
            <paragraph>
                Finally let's check @start
            </paragraph>
        </list_item>
        <list_item>
            <paragraph>
                Continue counting
            </paragraph>
        </list_item>
    </enumerated_list>
    <paragraph>
        Another anchor line.
    </paragraph>
    <image classes="change-replaced" uri="http://www.example.org/"/>
    <image classes="change-replacement" uri="http://www.example.net/"/>
</document>
