<?xml version="1.0" encoding="utf-8"?>
<!-- Generated by Docutils 0.8 -->
<document source="input/textDifferent.old.rst =&gt; input/textDifferent.new.rst">
    <paragraph>
        <inline classes="change-replaced">
            Some
        </inline>
        <inline classes="change-replacement">
            A changed
        </inline>
         line.
    </paragraph>
</document>
