<?xml version="1.0" encoding="utf-8"?>
<!-- Generated by Docutils 0.8 -->
<document source="input/documentTitle.old.rst =&gt; input/documentTitle.new.rst">
    <title>
        <inline classes="change-replaced">
            Document title
        </inline>
        <inline classes="change-replacement">
            Title of document replaced
        </inline>
    </title>
    <paragraph classes="change-replaced">
        There is a document title.
    </paragraph>
    <section classes="change-replaced" ids="some-header" names="some\ header">
        <title>
            Some header
        </title>
        <paragraph>
            Some text.
        </paragraph>
    </section>
    <paragraph classes="change-replacement">
        A paragraph just for delimiting.
    </paragraph>
    <section classes="change-replacement" ids="header-title" names="header\ title">
        <title>
            Header title
        </title>
        <paragraph>
            Text is different.
        </paragraph>
    </section>
</document>
