<?xml version="1.0" encoding="utf-8"?>
<!-- Generated by Docutils 0.8 -->
<document source="input/section.old.rst =&gt; input/section.new.rst">
    <section classes="change-replaced" ids="replaceable-title" names="replaceable\ title">
        <title>
            Replaceable title
        </title>
        <paragraph>
            Same text.
        </paragraph>
    </section>
    <section classes="change-replacement" ids="title-replacement" names="title\ replacement">
        <title>
            Title replacement
        </title>
        <paragraph>
            Same text.
        </paragraph>
    </section>
    <section ids="anchor" names="anchor">
        <title>
            Anchor
        </title>
        <paragraph>
            Don't reuse words!
        </paragraph>
    </section>
    <section classes="change-replaced" ids="replacable-section" names="replacable\ section">
        <title>
            Replacable section
        </title>
        <paragraph>
            Replacable text.
        </paragraph>
    </section>
    <section classes="change-replacement" ids="section-replacement" names="section\ replacement">
        <title>
            Section replacement
        </title>
        <paragraph>
            Text replacement.
        </paragraph>
    </section>
</document>
